// Jest Snapshot v1, https://goo.gl/fbAQLP

exports[`Should render App component and match to snapshot 1`] = `ShallowWrapper {}`;
